97.0 a aa ('a', ('b', ('c', ('d', ())))) abcd abcdabcd
